<html>
<body>
<pre>
<h1>µVision Build Log</h1>
<h2>Tool Versions:</h2>
IDE-Version: µVision V5.15
Copyright (C) 2015 ARM Ltd and ARM Germany GmbH. All rights reserved.
License Information: df df, df, LIC=ZB4EI-TK2N5-EVK1R-KGRQ4-Z2PW6-RKLQ2
 
Tool Versions:
Toolchain:       MDK-ARM Standard  Version: 5.15.0
Toolchain Path:  C:\Keil_v5\ARM\ARMCC\Bin
C Compiler:      Armcc.exe V5.05 update 2 (build 169)
Assembler:       Armasm.exe V5.05 update 2 (build 169)
Linker/Locator:  ArmLink.exe V5.05 update 2 (build 169)
Library Manager: ArmAr.exe V5.05 update 2 (build 169)
Hex Converter:   FromElf.exe V5.05 update 2 (build 169)
CPU DLL:         SARMCM3.DLL V5.15.0
Dialog DLL:      DCM.DLL V1.13.2.0
Target DLL:      STLink\ST-LINKIII-KEIL_SWO.dll V2.0.15.0_KEIL
Dialog DLL:      TCM.DLL V1.14.5.0
 
<h2>Project:</h2>
D:\ARCHIVE\keil_v5\STM32F10x\STM32F100RB_CurveTracer\mdk\STM32F100RB_CurveTracer.uvproj
Project File Date:  03/02/2022

<h2>Output:</h2>
*** Using Compiler 'V5.05 update 2 (build 169)', folder: 'C:\Keil_v5\ARM\ARMCC\Bin'
Build target 'STM32F100RB_CurveTracer'
compiling command.cpp...
..\src\command.cpp(87): warning:  #186-D: pointless comparison of unsigned integer with zero
                                if ((Rx_Dat[0]>=Mode_Range_First) && (Rx_Dat[0]<=Mode_Range_Last))
..\src\command.cpp: 1 warning, 0 errors
linking...
Program Size: Code=8128 RO-data=320 RW-data=52 ZI-data=1924  
FromELF: creating hex file...
"..\obj\STM32F100_CurveTracer.axf" - 0 Error(s), 1 Warning(s).
</pre>
</body>
</html>
